[INFO] Scanning for projects...
[INFO] ------------------------------------------------------------------------
[INFO] Reactor Build Order:
[INFO] 
[INFO] microservices-design-pattern                                       [pom]
[INFO] contracts                                                          [jar]
[INFO] service-runtime                                                    [jar]
[INFO] order-service                                                      [jar]
[INFO] inventory-service                                                  [jar]
[INFO] payment-service                                                    [jar]
[INFO] shipping-service                                                   [jar]
[INFO] order-query-service                                                [jar]
[INFO] provider-simulator                                                 [jar]
[INFO] customer-bff                                                       [jar]
[INFO] api-gateway                                                        [jar]
[INFO] integration-tests                                                  [jar]
[INFO] 
[INFO] ---------< com.synechisveltiosi:microservices-design-pattern >----------
[INFO] Building microservices-design-pattern 1.0.0-SNAPSHOT              [1/12]
[INFO]   from pom.xml
[INFO] --------------------------------[ pom ]---------------------------------
[INFO] 
[INFO] --- clean:3.5.0:clean (default-clean) @ microservices-design-pattern ---
[INFO] 
[INFO] --- failsafe:3.5.6:integration-test (default) @ microservices-design-pattern ---
[INFO] No tests to run.
[INFO] 
[INFO] --- failsafe:3.5.6:verify (default) @ microservices-design-pattern ---
[INFO] No tests to run.
[INFO] 
[INFO] -------------------< com.synechisveltiosi:contracts >-------------------
[INFO] Building contracts 1.0.0-SNAPSHOT                                 [2/12]
[INFO]   from contracts/pom.xml
[INFO] --------------------------------[ jar ]---------------------------------
[INFO] 
[INFO] --- clean:3.5.0:clean (default-clean) @ contracts ---
[INFO] Deleting /Volumes/Workspace/03-Development/AI-POC/microservices-design-pattern/contracts/target
[INFO] 
[INFO] --- resources:3.3.1:resources (default-resources) @ contracts ---
[INFO] skip non existing resourceDirectory /Volumes/Workspace/03-Development/AI-POC/microservices-design-pattern/contracts/src/main/resources
[INFO] skip non existing resourceDirectory /Volumes/Workspace/03-Development/AI-POC/microservices-design-pattern/contracts/src/main/resources
[INFO] 
[INFO] --- compiler:3.14.1:compile (default-compile) @ contracts ---
[INFO] Recompiling the module because of changed source code.
[INFO] Compiling 3 source files with javac [debug parameters release 21] to target/classes
[INFO] 
[INFO] --- resources:3.3.1:testResources (default-testResources) @ contracts ---
[INFO] skip non existing resourceDirectory /Volumes/Workspace/03-Development/AI-POC/microservices-design-pattern/contracts/src/test/resources
[INFO] 
[INFO] --- compiler:3.14.1:testCompile (default-testCompile) @ contracts ---
[INFO] No sources to compile
[INFO] 
[INFO] --- surefire:3.5.6:test (default-test) @ contracts ---
[INFO] No tests to run.
[INFO] 
[INFO] --- jar:3.4.2:jar (default-jar) @ contracts ---
[INFO] Building jar: /Volumes/Workspace/03-Development/AI-POC/microservices-design-pattern/contracts/target/contracts-1.0.0-SNAPSHOT.jar
[INFO] 
[INFO] --- failsafe:3.5.6:integration-test (default) @ contracts ---
[INFO] No tests to run.
[INFO] 
[INFO] --- failsafe:3.5.6:verify (default) @ contracts ---
[INFO] No tests to run.
[INFO] 
[INFO] ----------------< com.synechisveltiosi:service-runtime >----------------
[INFO] Building service-runtime 1.0.0-SNAPSHOT                           [3/12]
[INFO]   from service-runtime/pom.xml
[INFO] --------------------------------[ jar ]---------------------------------
[INFO] 
[INFO] --- clean:3.5.0:clean (default-clean) @ service-runtime ---
[INFO] Deleting /Volumes/Workspace/03-Development/AI-POC/microservices-design-pattern/service-runtime/target
[INFO] 
[INFO] --- resources:3.3.1:resources (default-resources) @ service-runtime ---
[INFO] Copying 0 resource from src/main/resources to target/classes
[INFO] Copying 2 resources from src/main/resources to target/classes
[INFO] 
[INFO] --- compiler:3.14.1:compile (default-compile) @ service-runtime ---
[INFO] Recompiling the module because of changed dependency.
[INFO] Compiling 13 source files with javac [debug parameters release 21] to target/classes
[INFO] 
[INFO] --- resources:3.3.1:testResources (default-testResources) @ service-runtime ---
[INFO] skip non existing resourceDirectory /Volumes/Workspace/03-Development/AI-POC/microservices-design-pattern/service-runtime/src/test/resources
[INFO] 
[INFO] --- compiler:3.14.1:testCompile (default-testCompile) @ service-runtime ---
[INFO] No sources to compile
[INFO] 
[INFO] --- surefire:3.5.6:test (default-test) @ service-runtime ---
[INFO] No tests to run.
[INFO] 
[INFO] --- jar:3.4.2:jar (default-jar) @ service-runtime ---
[INFO] Building jar: /Volumes/Workspace/03-Development/AI-POC/microservices-design-pattern/service-runtime/target/service-runtime-1.0.0-SNAPSHOT.jar
[INFO] 
[INFO] --- failsafe:3.5.6:integration-test (default) @ service-runtime ---
[INFO] No tests to run.
[INFO] 
[INFO] --- failsafe:3.5.6:verify (default) @ service-runtime ---
[INFO] No tests to run.
[INFO] 
[INFO] -----------------< com.synechisveltiosi:order-service >-----------------
[INFO] Building order-service 1.0.0-SNAPSHOT                             [4/12]
[INFO]   from order-service/pom.xml
[INFO] --------------------------------[ jar ]---------------------------------
[INFO] 
[INFO] --- clean:3.5.0:clean (default-clean) @ order-service ---
[INFO] Deleting /Volumes/Workspace/03-Development/AI-POC/microservices-design-pattern/order-service/target
[INFO] 
[INFO] --- resources:3.3.1:resources (default-resources) @ order-service ---
[INFO] Copying 1 resource from src/main/resources to target/classes
[INFO] Copying 2 resources from src/main/resources to target/classes
[INFO] 
[INFO] --- compiler:3.14.1:compile (default-compile) @ order-service ---
[INFO] Recompiling the module because of changed dependency.
[INFO] Compiling 5 source files with javac [debug parameters release 21] to target/classes
[INFO] 
[INFO] --- resources:3.3.1:testResources (default-testResources) @ order-service ---
[INFO] skip non existing resourceDirectory /Volumes/Workspace/03-Development/AI-POC/microservices-design-pattern/order-service/src/test/resources
[INFO] 
[INFO] --- compiler:3.14.1:testCompile (default-testCompile) @ order-service ---
[INFO] Recompiling the module because of changed dependency.
[INFO] Compiling 1 source file with javac [debug parameters release 21] to target/test-classes
[INFO] 
[INFO] --- surefire:3.5.6:test (default-test) @ order-service ---
[INFO] Using auto detected provider org.apache.maven.surefire.junitplatform.JUnitPlatformProvider
[INFO] 
[INFO] -------------------------------------------------------
[INFO]  T E S T S
[INFO] -------------------------------------------------------
[INFO] Running com.synechis.fulfillment.orderservice.OrderAggregateTest
[INFO] Tests run: 3, Failures: 0, Errors: 0, Skipped: 0, Time elapsed: 0.045 s -- in com.synechis.fulfillment.orderservice.OrderAggregateTest
[INFO] 
[INFO] Results:
[INFO] 
[INFO] Tests run: 3, Failures: 0, Errors: 0, Skipped: 0
[INFO] 
[INFO] 
[INFO] --- jar:3.4.2:jar (default-jar) @ order-service ---
[INFO] Building jar: /Volumes/Workspace/03-Development/AI-POC/microservices-design-pattern/order-service/target/order-service-1.0.0-SNAPSHOT.jar
[INFO] 
[INFO] --- spring-boot:4.0.8:repackage (repackage) @ order-service ---
[INFO] Replacing main artifact /Volumes/Workspace/03-Development/AI-POC/microservices-design-pattern/order-service/target/order-service-1.0.0-SNAPSHOT.jar with repackaged archive, adding nested dependencies in BOOT-INF/.
[INFO] The original artifact has been renamed to /Volumes/Workspace/03-Development/AI-POC/microservices-design-pattern/order-service/target/order-service-1.0.0-SNAPSHOT.jar.original
[INFO] 
[INFO] --- failsafe:3.5.6:integration-test (default) @ order-service ---
[INFO] 
[INFO] --- failsafe:3.5.6:verify (default) @ order-service ---
[INFO] No tests to run.
[INFO] 
[INFO] ---------------< com.synechisveltiosi:inventory-service >---------------
[INFO] Building inventory-service 1.0.0-SNAPSHOT                         [5/12]
[INFO]   from inventory-service/pom.xml
[INFO] --------------------------------[ jar ]---------------------------------
[INFO] 
[INFO] --- clean:3.5.0:clean (default-clean) @ inventory-service ---
[INFO] Deleting /Volumes/Workspace/03-Development/AI-POC/microservices-design-pattern/inventory-service/target
[INFO] 
[INFO] --- resources:3.3.1:resources (default-resources) @ inventory-service ---
[INFO] Copying 1 resource from src/main/resources to target/classes
[INFO] Copying 1 resource from src/main/resources to target/classes
[INFO] 
[INFO] --- compiler:3.14.1:compile (default-compile) @ inventory-service ---
[INFO] Recompiling the module because of changed dependency.
[INFO] Compiling 4 source files with javac [debug parameters release 21] to target/classes
[INFO] 
[INFO] --- resources:3.3.1:testResources (default-testResources) @ inventory-service ---
[INFO] skip non existing resourceDirectory /Volumes/Workspace/03-Development/AI-POC/microservices-design-pattern/inventory-service/src/test/resources
[INFO] 
[INFO] --- compiler:3.14.1:testCompile (default-testCompile) @ inventory-service ---
[INFO] No sources to compile
[INFO] 
[INFO] --- surefire:3.5.6:test (default-test) @ inventory-service ---
[INFO] No tests to run.
[INFO] 
[INFO] --- jar:3.4.2:jar (default-jar) @ inventory-service ---
[INFO] Building jar: /Volumes/Workspace/03-Development/AI-POC/microservices-design-pattern/inventory-service/target/inventory-service-1.0.0-SNAPSHOT.jar
[INFO] 
[INFO] --- spring-boot:4.0.8:repackage (repackage) @ inventory-service ---
[INFO] Replacing main artifact /Volumes/Workspace/03-Development/AI-POC/microservices-design-pattern/inventory-service/target/inventory-service-1.0.0-SNAPSHOT.jar with repackaged archive, adding nested dependencies in BOOT-INF/.
[INFO] The original artifact has been renamed to /Volumes/Workspace/03-Development/AI-POC/microservices-design-pattern/inventory-service/target/inventory-service-1.0.0-SNAPSHOT.jar.original
[INFO] 
[INFO] --- failsafe:3.5.6:integration-test (default) @ inventory-service ---
[INFO] No tests to run.
[INFO] 
[INFO] --- failsafe:3.5.6:verify (default) @ inventory-service ---
[INFO] No tests to run.
[INFO] 
[INFO] ----------------< com.synechisveltiosi:payment-service >----------------
[INFO] Building payment-service 1.0.0-SNAPSHOT                           [6/12]
[INFO]   from payment-service/pom.xml
[INFO] --------------------------------[ jar ]---------------------------------
[INFO] 
[INFO] --- clean:3.5.0:clean (default-clean) @ payment-service ---
[INFO] Deleting /Volumes/Workspace/03-Development/AI-POC/microservices-design-pattern/payment-service/target
[INFO] 
[INFO] --- resources:3.3.1:resources (default-resources) @ payment-service ---
[INFO] Copying 1 resource from src/main/resources to target/classes
[INFO] Copying 2 resources from src/main/resources to target/classes
[INFO] 
[INFO] --- compiler:3.14.1:compile (default-compile) @ payment-service ---
[INFO] Recompiling the module because of changed dependency.
[INFO] Compiling 3 source files with javac [debug parameters release 21] to target/classes
[INFO] 
[INFO] --- resources:3.3.1:testResources (default-testResources) @ payment-service ---
[INFO] skip non existing resourceDirectory /Volumes/Workspace/03-Development/AI-POC/microservices-design-pattern/payment-service/src/test/resources
[INFO] 
[INFO] --- compiler:3.14.1:testCompile (default-testCompile) @ payment-service ---
[INFO] No sources to compile
[INFO] 
[INFO] --- surefire:3.5.6:test (default-test) @ payment-service ---
[INFO] No tests to run.
[INFO] 
[INFO] --- jar:3.4.2:jar (default-jar) @ payment-service ---
[INFO] Building jar: /Volumes/Workspace/03-Development/AI-POC/microservices-design-pattern/payment-service/target/payment-service-1.0.0-SNAPSHOT.jar
[INFO] 
[INFO] --- spring-boot:4.0.8:repackage (repackage) @ payment-service ---
[INFO] Replacing main artifact /Volumes/Workspace/03-Development/AI-POC/microservices-design-pattern/payment-service/target/payment-service-1.0.0-SNAPSHOT.jar with repackaged archive, adding nested dependencies in BOOT-INF/.
[INFO] The original artifact has been renamed to /Volumes/Workspace/03-Development/AI-POC/microservices-design-pattern/payment-service/target/payment-service-1.0.0-SNAPSHOT.jar.original
[INFO] 
[INFO] --- failsafe:3.5.6:integration-test (default) @ payment-service ---
[INFO] No tests to run.
[INFO] 
[INFO] --- failsafe:3.5.6:verify (default) @ payment-service ---
[INFO] No tests to run.
[INFO] 
[INFO] ---------------< com.synechisveltiosi:shipping-service >----------------
[INFO] Building shipping-service 1.0.0-SNAPSHOT                          [7/12]
[INFO]   from shipping-service/pom.xml
[INFO] --------------------------------[ jar ]---------------------------------
[INFO] 
[INFO] --- clean:3.5.0:clean (default-clean) @ shipping-service ---
[INFO] Deleting /Volumes/Workspace/03-Development/AI-POC/microservices-design-pattern/shipping-service/target
[INFO] 
[INFO] --- resources:3.3.1:resources (default-resources) @ shipping-service ---
[INFO] Copying 1 resource from src/main/resources to target/classes
[INFO] Copying 2 resources from src/main/resources to target/classes
[INFO] 
[INFO] --- compiler:3.14.1:compile (default-compile) @ shipping-service ---
[INFO] Recompiling the module because of changed dependency.
[INFO] Compiling 3 source files with javac [debug parameters release 21] to target/classes
[INFO] 
[INFO] --- resources:3.3.1:testResources (default-testResources) @ shipping-service ---
[INFO] skip non existing resourceDirectory /Volumes/Workspace/03-Development/AI-POC/microservices-design-pattern/shipping-service/src/test/resources
[INFO] 
[INFO] --- compiler:3.14.1:testCompile (default-testCompile) @ shipping-service ---
[INFO] No sources to compile
[INFO] 
[INFO] --- surefire:3.5.6:test (default-test) @ shipping-service ---
[INFO] No tests to run.
[INFO] 
[INFO] --- jar:3.4.2:jar (default-jar) @ shipping-service ---
[INFO] Building jar: /Volumes/Workspace/03-Development/AI-POC/microservices-design-pattern/shipping-service/target/shipping-service-1.0.0-SNAPSHOT.jar
[INFO] 
[INFO] --- spring-boot:4.0.8:repackage (repackage) @ shipping-service ---
[INFO] Replacing main artifact /Volumes/Workspace/03-Development/AI-POC/microservices-design-pattern/shipping-service/target/shipping-service-1.0.0-SNAPSHOT.jar with repackaged archive, adding nested dependencies in BOOT-INF/.
[INFO] The original artifact has been renamed to /Volumes/Workspace/03-Development/AI-POC/microservices-design-pattern/shipping-service/target/shipping-service-1.0.0-SNAPSHOT.jar.original
[INFO] 
[INFO] --- failsafe:3.5.6:integration-test (default) @ shipping-service ---
[INFO] No tests to run.
[INFO] 
[INFO] --- failsafe:3.5.6:verify (default) @ shipping-service ---
[INFO] No tests to run.
[INFO] 
[INFO] --------------< com.synechisveltiosi:order-query-service >--------------
[INFO] Building order-query-service 1.0.0-SNAPSHOT                       [8/12]
[INFO]   from order-query-service/pom.xml
[INFO] --------------------------------[ jar ]---------------------------------
[INFO] 
[INFO] --- clean:3.5.0:clean (default-clean) @ order-query-service ---
[INFO] Deleting /Volumes/Workspace/03-Development/AI-POC/microservices-design-pattern/order-query-service/target
[INFO] 
[INFO] --- resources:3.3.1:resources (default-resources) @ order-query-service ---
[INFO] Copying 1 resource from src/main/resources to target/classes
[INFO] Copying 1 resource from src/main/resources to target/classes
[INFO] 
[INFO] --- compiler:3.14.1:compile (default-compile) @ order-query-service ---
[INFO] Recompiling the module because of changed dependency.
[INFO] Compiling 3 source files with javac [debug parameters release 21] to target/classes
[INFO] 
[INFO] --- resources:3.3.1:testResources (default-testResources) @ order-query-service ---
[INFO] skip non existing resourceDirectory /Volumes/Workspace/03-Development/AI-POC/microservices-design-pattern/order-query-service/src/test/resources
[INFO] 
[INFO] --- compiler:3.14.1:testCompile (default-testCompile) @ order-query-service ---
[INFO] No sources to compile
[INFO] 
[INFO] --- surefire:3.5.6:test (default-test) @ order-query-service ---
[INFO] No tests to run.
[INFO] 
[INFO] --- jar:3.4.2:jar (default-jar) @ order-query-service ---
[INFO] Building jar: /Volumes/Workspace/03-Development/AI-POC/microservices-design-pattern/order-query-service/target/order-query-service-1.0.0-SNAPSHOT.jar
[INFO] 
[INFO] --- spring-boot:4.0.8:repackage (repackage) @ order-query-service ---
[INFO] Replacing main artifact /Volumes/Workspace/03-Development/AI-POC/microservices-design-pattern/order-query-service/target/order-query-service-1.0.0-SNAPSHOT.jar with repackaged archive, adding nested dependencies in BOOT-INF/.
[INFO] The original artifact has been renamed to /Volumes/Workspace/03-Development/AI-POC/microservices-design-pattern/order-query-service/target/order-query-service-1.0.0-SNAPSHOT.jar.original
[INFO] 
[INFO] --- failsafe:3.5.6:integration-test (default) @ order-query-service ---
[INFO] No tests to run.
[INFO] 
[INFO] --- failsafe:3.5.6:verify (default) @ order-query-service ---
[INFO] No tests to run.
[INFO] 
[INFO] --------------< com.synechisveltiosi:provider-simulator >---------------
[INFO] Building provider-simulator 1.0.0-SNAPSHOT                        [9/12]
[INFO]   from provider-simulator/pom.xml
[INFO] --------------------------------[ jar ]---------------------------------
[INFO] 
[INFO] --- clean:3.5.0:clean (default-clean) @ provider-simulator ---
[INFO] Deleting /Volumes/Workspace/03-Development/AI-POC/microservices-design-pattern/provider-simulator/target
[INFO] 
[INFO] --- resources:3.3.1:resources (default-resources) @ provider-simulator ---
[INFO] Copying 1 resource from src/main/resources to target/classes
[INFO] Copying 1 resource from src/main/resources to target/classes
[INFO] 
[INFO] --- compiler:3.14.1:compile (default-compile) @ provider-simulator ---
[INFO] Recompiling the module because of changed dependency.
[INFO] Compiling 3 source files with javac [debug parameters release 21] to target/classes
[INFO] 
[INFO] --- resources:3.3.1:testResources (default-testResources) @ provider-simulator ---
[INFO] skip non existing resourceDirectory /Volumes/Workspace/03-Development/AI-POC/microservices-design-pattern/provider-simulator/src/test/resources
[INFO] 
[INFO] --- compiler:3.14.1:testCompile (default-testCompile) @ provider-simulator ---
[INFO] No sources to compile
[INFO] 
[INFO] --- surefire:3.5.6:test (default-test) @ provider-simulator ---
[INFO] No tests to run.
[INFO] 
[INFO] --- jar:3.4.2:jar (default-jar) @ provider-simulator ---
[INFO] Building jar: /Volumes/Workspace/03-Development/AI-POC/microservices-design-pattern/provider-simulator/target/provider-simulator-1.0.0-SNAPSHOT.jar
[INFO] 
[INFO] --- spring-boot:4.0.8:repackage (repackage) @ provider-simulator ---
[INFO] Replacing main artifact /Volumes/Workspace/03-Development/AI-POC/microservices-design-pattern/provider-simulator/target/provider-simulator-1.0.0-SNAPSHOT.jar with repackaged archive, adding nested dependencies in BOOT-INF/.
[INFO] The original artifact has been renamed to /Volumes/Workspace/03-Development/AI-POC/microservices-design-pattern/provider-simulator/target/provider-simulator-1.0.0-SNAPSHOT.jar.original
[INFO] 
[INFO] --- failsafe:3.5.6:integration-test (default) @ provider-simulator ---
[INFO] No tests to run.
[INFO] 
[INFO] --- failsafe:3.5.6:verify (default) @ provider-simulator ---
[INFO] No tests to run.
[INFO] 
[INFO] -----------------< com.synechisveltiosi:customer-bff >------------------
[INFO] Building customer-bff 1.0.0-SNAPSHOT                             [10/12]
[INFO]   from customer-bff/pom.xml
[INFO] --------------------------------[ jar ]---------------------------------
[INFO] 
[INFO] --- clean:3.5.0:clean (default-clean) @ customer-bff ---
[INFO] Deleting /Volumes/Workspace/03-Development/AI-POC/microservices-design-pattern/customer-bff/target
[INFO] 
[INFO] --- resources:3.3.1:resources (default-resources) @ customer-bff ---
[INFO] Copying 1 resource from src/main/resources to target/classes
[INFO] Copying 2 resources from src/main/resources to target/classes
[INFO] 
[INFO] --- compiler:3.14.1:compile (default-compile) @ customer-bff ---
[INFO] Recompiling the module because of changed dependency.
[INFO] Compiling 7 source files with javac [debug parameters release 21] to target/classes
[INFO] 
[INFO] --- resources:3.3.1:testResources (default-testResources) @ customer-bff ---
[INFO] skip non existing resourceDirectory /Volumes/Workspace/03-Development/AI-POC/microservices-design-pattern/customer-bff/src/test/resources
[INFO] 
[INFO] --- compiler:3.14.1:testCompile (default-testCompile) @ customer-bff ---
[INFO] No sources to compile
[INFO] 
[INFO] --- surefire:3.5.6:test (default-test) @ customer-bff ---
[INFO] No tests to run.
[INFO] 
[INFO] --- jar:3.4.2:jar (default-jar) @ customer-bff ---
[INFO] Building jar: /Volumes/Workspace/03-Development/AI-POC/microservices-design-pattern/customer-bff/target/customer-bff-1.0.0-SNAPSHOT.jar
[INFO] 
[INFO] --- spring-boot:4.0.8:repackage (repackage) @ customer-bff ---
[INFO] Replacing main artifact /Volumes/Workspace/03-Development/AI-POC/microservices-design-pattern/customer-bff/target/customer-bff-1.0.0-SNAPSHOT.jar with repackaged archive, adding nested dependencies in BOOT-INF/.
[INFO] The original artifact has been renamed to /Volumes/Workspace/03-Development/AI-POC/microservices-design-pattern/customer-bff/target/customer-bff-1.0.0-SNAPSHOT.jar.original
[INFO] 
[INFO] --- failsafe:3.5.6:integration-test (default) @ customer-bff ---
[INFO] No tests to run.
[INFO] 
[INFO] --- failsafe:3.5.6:verify (default) @ customer-bff ---
[INFO] No tests to run.
[INFO] 
[INFO] ------------------< com.synechisveltiosi:api-gateway >------------------
[INFO] Building api-gateway 1.0.0-SNAPSHOT                              [11/12]
[INFO]   from api-gateway/pom.xml
[INFO] --------------------------------[ jar ]---------------------------------
[INFO] 
[INFO] --- clean:3.5.0:clean (default-clean) @ api-gateway ---
[INFO] Deleting /Volumes/Workspace/03-Development/AI-POC/microservices-design-pattern/api-gateway/target
[INFO] 
[INFO] --- resources:3.3.1:resources (default-resources) @ api-gateway ---
[INFO] Copying 1 resource from src/main/resources to target/classes
[INFO] Copying 0 resource from src/main/resources to target/classes
[INFO] 
[INFO] --- compiler:3.14.1:compile (default-compile) @ api-gateway ---
[INFO] Recompiling the module because of changed dependency.
[INFO] Compiling 6 source files with javac [debug parameters release 21] to target/classes
[INFO] /Volumes/Workspace/03-Development/AI-POC/microservices-design-pattern/api-gateway/src/main/java/com/synechis/fulfillment/apigateway/BodyLimit.java: /Volumes/Workspace/03-Development/AI-POC/microservices-design-pattern/api-gateway/src/main/java/com/synechis/fulfillment/apigateway/BodyLimit.java uses or overrides a deprecated API.
[INFO] /Volumes/Workspace/03-Development/AI-POC/microservices-design-pattern/api-gateway/src/main/java/com/synechis/fulfillment/apigateway/BodyLimit.java: Recompile with -Xlint:deprecation for details.
[INFO] 
[INFO] --- resources:3.3.1:testResources (default-testResources) @ api-gateway ---
[INFO] skip non existing resourceDirectory /Volumes/Workspace/03-Development/AI-POC/microservices-design-pattern/api-gateway/src/test/resources
[INFO] 
[INFO] --- compiler:3.14.1:testCompile (default-testCompile) @ api-gateway ---
[INFO] No sources to compile
[INFO] 
[INFO] --- surefire:3.5.6:test (default-test) @ api-gateway ---
[INFO] No tests to run.
[INFO] 
[INFO] --- jar:3.4.2:jar (default-jar) @ api-gateway ---
[INFO] Building jar: /Volumes/Workspace/03-Development/AI-POC/microservices-design-pattern/api-gateway/target/api-gateway-1.0.0-SNAPSHOT.jar
[INFO] 
[INFO] --- spring-boot:4.0.8:repackage (repackage) @ api-gateway ---
[INFO] Replacing main artifact /Volumes/Workspace/03-Development/AI-POC/microservices-design-pattern/api-gateway/target/api-gateway-1.0.0-SNAPSHOT.jar with repackaged archive, adding nested dependencies in BOOT-INF/.
[INFO] The original artifact has been renamed to /Volumes/Workspace/03-Development/AI-POC/microservices-design-pattern/api-gateway/target/api-gateway-1.0.0-SNAPSHOT.jar.original
[INFO] 
[INFO] --- failsafe:3.5.6:integration-test (default) @ api-gateway ---
[INFO] No tests to run.
[INFO] 
[INFO] --- failsafe:3.5.6:verify (default) @ api-gateway ---
[INFO] No tests to run.
[INFO] 
[INFO] ---------------< com.synechisveltiosi:integration-tests >---------------
[INFO] Building integration-tests 1.0.0-SNAPSHOT                        [12/12]
[INFO]   from integration-tests/pom.xml
[INFO] --------------------------------[ jar ]---------------------------------
[INFO] 
[INFO] --- clean:3.5.0:clean (default-clean) @ integration-tests ---
[INFO] Deleting /Volumes/Workspace/03-Development/AI-POC/microservices-design-pattern/integration-tests/target
[INFO] 
[INFO] --- resources:3.3.1:resources (default-resources) @ integration-tests ---
[INFO] skip non existing resourceDirectory /Volumes/Workspace/03-Development/AI-POC/microservices-design-pattern/integration-tests/src/main/resources
[INFO] skip non existing resourceDirectory /Volumes/Workspace/03-Development/AI-POC/microservices-design-pattern/integration-tests/src/main/resources
[INFO] 
[INFO] --- compiler:3.14.1:compile (default-compile) @ integration-tests ---
[INFO] No sources to compile
[INFO] 
[INFO] --- resources:3.3.1:testResources (default-testResources) @ integration-tests ---
[INFO] skip non existing resourceDirectory /Volumes/Workspace/03-Development/AI-POC/microservices-design-pattern/integration-tests/src/test/resources
[INFO] 
[INFO] --- compiler:3.14.1:testCompile (default-testCompile) @ integration-tests ---
[INFO] Recompiling the module because of changed dependency.
[INFO] Compiling 1 source file with javac [debug parameters release 21] to target/test-classes
[INFO] /Volumes/Workspace/03-Development/AI-POC/microservices-design-pattern/integration-tests/src/test/java/com/synechis/fulfillment/PlatformIT.java: /Volumes/Workspace/03-Development/AI-POC/microservices-design-pattern/integration-tests/src/test/java/com/synechis/fulfillment/PlatformIT.java uses or overrides a deprecated API.
[INFO] /Volumes/Workspace/03-Development/AI-POC/microservices-design-pattern/integration-tests/src/test/java/com/synechis/fulfillment/PlatformIT.java: Recompile with -Xlint:deprecation for details.
[INFO] 
[INFO] --- surefire:3.5.6:test (default-test) @ integration-tests ---
[INFO] 
[INFO] --- jar:3.4.2:jar (default-jar) @ integration-tests ---
[INFO] Building jar: /Volumes/Workspace/03-Development/AI-POC/microservices-design-pattern/integration-tests/target/integration-tests-1.0.0-SNAPSHOT.jar
[INFO] 
[INFO] --- failsafe:3.5.6:integration-test (default) @ integration-tests ---
[INFO] Using auto detected provider org.apache.maven.surefire.junitplatform.JUnitPlatformProvider
[INFO] 
[INFO] -------------------------------------------------------
[INFO]  T E S T S
[INFO] -------------------------------------------------------
[INFO] Running com.synechis.fulfillment.PlatformIT
01:22:23.559 [main] INFO org.testcontainers.images.PullPolicy -- Image pull policy will be performed by: DefaultPullPolicy()
01:22:23.561 [main] INFO org.testcontainers.utility.ImageNameSubstitutor -- Image name substitution will be performed by: DefaultImageNameSubstitutor (composite of 'ConfigurationFileImageNameSubstitutor' and 'PrefixingImageNameSubstitutor')
01:22:23.674 [main] INFO org.testcontainers.DockerClientFactory -- Testcontainers version: 2.0.5
01:22:23.774 [main] INFO org.testcontainers.dockerclient.DockerClientProviderStrategy -- Loaded org.testcontainers.dockerclient.UnixSocketClientProviderStrategy from ~/.testcontainers.properties, will try it first
01:22:23.937 [main] INFO org.testcontainers.dockerclient.DockerClientProviderStrategy -- Found Docker environment with Environment variables, system properties and defaults. Resolved dockerHost=unix:///Users/mwgbh/.orbstack/run/docker.sock
01:22:23.937 [main] INFO org.testcontainers.DockerClientFactory -- Docker host IP address is localhost
01:22:23.947 [main] INFO org.testcontainers.DockerClientFactory -- Connected to docker: 
  Server Version: 29.4.0
  API Version: 1.54
  Operating System: OrbStack
  Total Memory: 8998 MB
01:22:24.055 [main] INFO tc.testcontainers/ryuk:0.14.0 -- Creating container for image: testcontainers/ryuk:0.14.0
01:22:24.152 [main] INFO tc.testcontainers/ryuk:0.14.0 -- Container testcontainers/ryuk:0.14.0 is starting: 0530bcd50407ca8be4e13fe03c3de89b2a577fde638847f65634a89c93824be9
01:22:24.351 [main] INFO tc.testcontainers/ryuk:0.14.0 -- Container testcontainers/ryuk:0.14.0 started in PT0.296722S
01:22:24.355 [main] INFO org.testcontainers.utility.RyukResourceReaper -- Ryuk started - will monitor and terminate Testcontainers containers on JVM exit
01:22:24.355 [main] INFO org.testcontainers.DockerClientFactory -- Checking the system...
01:22:24.355 [main] INFO org.testcontainers.DockerClientFactory -- ✔︎ Docker server version should be at least 1.6.0
01:22:24.356 [main] INFO tc.postgres:17.6-alpine -- Creating container for image: postgres:17.6-alpine
01:22:24.459 [main] INFO tc.postgres:17.6-alpine -- Container postgres:17.6-alpine is starting: 3d57d5fe1ed19cc6284d59cd1553dc5b57c956851a7da849891f50ab6be7f92b
01:22:25.936 [main] INFO tc.postgres:17.6-alpine -- Container postgres:17.6-alpine started in PT1.580379S
01:22:25.937 [main] INFO tc.postgres:17.6-alpine -- Container is started (JDBC URL: jdbc:postgresql://localhost:32781/test?loggerLevel=OFF)
01:22:25.938 [main] INFO tc.apache/kafka:4.1.2 -- Creating container for image: apache/kafka:4.1.2
01:22:26.039 [main] INFO tc.apache/kafka:4.1.2 -- Container apache/kafka:4.1.2 is starting: f1662ce73b71afe4698b534d1818c73dc0fd90fb3fcd02bf16fcaced08024e7c
01:22:27.895 [main] INFO tc.apache/kafka:4.1.2 -- Container apache/kafka:4.1.2 started in PT1.957564S
01:22:27.896 [main] INFO tc.redis:8.2.1-alpine -- Creating container for image: redis:8.2.1-alpine
01:22:27.973 [main] INFO tc.redis:8.2.1-alpine -- Container redis:8.2.1-alpine is starting: 567395b132019a20e13898d8a4763e2881eac1c2eaf9d7567cb9fd7f0205fdd2
01:22:28.166 [main] INFO tc.redis:8.2.1-alpine -- Container redis:8.2.1-alpine started in PT0.270251S
01:22:57.222 [main] INFO org.apache.kafka.common.config.AbstractConfig -- ProducerConfig values: 
	acks = -1
	batch.size = 16384
	bootstrap.servers = [localhost:32782]
	buffer.memory = 33554432
	client.dns.lookup = use_all_dns_ips
	client.id = producer-1
	compression.gzip.level = -1
	compression.lz4.level = 9
	compression.type = none
	compression.zstd.level = 3
	connections.max.idle.ms = 540000
	delivery.timeout.ms = 3000
	enable.idempotence = true
	enable.metrics.push = true
	interceptor.classes = []
	key.serializer = class org.apache.kafka.common.serialization.StringSerializer
	linger.ms = 5
	max.block.ms = 3000
	max.in.flight.requests.per.connection = 5
	max.request.size = 1048576
	metadata.max.age.ms = 300000
	metadata.max.idle.ms = 300000
	metadata.recovery.rebootstrap.trigger.ms = 300000
	metadata.recovery.strategy = rebootstrap
	metric.reporters = [org.apache.kafka.common.metrics.JmxReporter]
	metrics.num.samples = 2
	metrics.recording.level = INFO
	metrics.sample.window.ms = 30000
	partitioner.adaptive.partitioning.enable = true
	partitioner.availability.timeout.ms = 0
	partitioner.class = null
	partitioner.ignore.keys = false
	receive.buffer.bytes = 32768
	reconnect.backoff.max.ms = 1000
	reconnect.backoff.ms = 50
	request.timeout.ms = 1000
	retries = 2147483647
	retry.backoff.max.ms = 1000
	retry.backoff.ms = 100
	sasl.client.callback.handler.class = null
	sasl.jaas.config = null
	sasl.kerberos.kinit.cmd = /usr/bin/kinit
	sasl.kerberos.min.time.before.relogin = 60000
	sasl.kerberos.service.name = null
	sasl.kerberos.ticket.renew.jitter = 0.05
	sasl.kerberos.ticket.renew.window.factor = 0.8
	sasl.login.callback.handler.class = null
	sasl.login.class = null
	sasl.login.connect.timeout.ms = null
	sasl.login.read.timeout.ms = null
	sasl.login.refresh.buffer.seconds = 300
	sasl.login.refresh.min.period.seconds = 60
	sasl.login.refresh.window.factor = 0.8
	sasl.login.refresh.window.jitter = 0.05
	sasl.login.retry.backoff.max.ms = 10000
	sasl.login.retry.backoff.ms = 100
	sasl.mechanism = GSSAPI
	sasl.oauthbearer.assertion.algorithm = RS256
	sasl.oauthbearer.assertion.claim.aud = null
	sasl.oauthbearer.assertion.claim.exp.seconds = 300
	sasl.oauthbearer.assertion.claim.iss = null
	sasl.oauthbearer.assertion.claim.jti.include = false
	sasl.oauthbearer.assertion.claim.nbf.seconds = 60
	sasl.oauthbearer.assertion.claim.sub = null
	sasl.oauthbearer.assertion.file = null
	sasl.oauthbearer.assertion.private.key.file = null
	sasl.oauthbearer.assertion.private.key.passphrase = null
	sasl.oauthbearer.assertion.template.file = null
	sasl.oauthbearer.client.credentials.client.id = null
	sasl.oauthbearer.client.credentials.client.secret = null
	sasl.oauthbearer.clock.skew.seconds = 30
	sasl.oauthbearer.expected.audience = null
	sasl.oauthbearer.expected.issuer = null
	sasl.oauthbearer.header.urlencode = false
	sasl.oauthbearer.jwks.endpoint.refresh.ms = 3600000
	sasl.oauthbearer.jwks.endpoint.retry.backoff.max.ms = 10000
	sasl.oauthbearer.jwks.endpoint.retry.backoff.ms = 100
	sasl.oauthbearer.jwks.endpoint.url = null
	sasl.oauthbearer.jwt.retriever.class = class org.apache.kafka.common.security.oauthbearer.DefaultJwtRetriever
	sasl.oauthbearer.jwt.validator.class = class org.apache.kafka.common.security.oauthbearer.DefaultJwtValidator
	sasl.oauthbearer.scope = null
	sasl.oauthbearer.scope.claim.name = scope
	sasl.oauthbearer.sub.claim.name = sub
	sasl.oauthbearer.token.endpoint.url = null
	security.protocol = PLAINTEXT
	security.providers = null
	send.buffer.bytes = 131072
	socket.connection.setup.timeout.max.ms = 30000
	socket.connection.setup.timeout.ms = 10000
	ssl.cipher.suites = null
	ssl.enabled.protocols = [TLSv1.2, TLSv1.3]
	ssl.endpoint.identification.algorithm = https
	ssl.engine.factory.class = null
	ssl.key.password = null
	ssl.keymanager.algorithm = SunX509
	ssl.keystore.certificate.chain = null
	ssl.keystore.key = null
	ssl.keystore.location = null
	ssl.keystore.password = null
	ssl.keystore.type = JKS
	ssl.protocol = TLSv1.3
	ssl.provider = null
	ssl.secure.random.implementation = null
	ssl.trustmanager.algorithm = PKIX
	ssl.truststore.certificates = null
	ssl.truststore.location = null
	ssl.truststore.password = null
	ssl.truststore.type = JKS
	transaction.timeout.ms = 60000
	transaction.two.phase.commit.enable = false
	transactional.id = null
	value.serializer = class org.apache.kafka.common.serialization.StringSerializer

01:22:57.234 [main] INFO org.apache.kafka.common.telemetry.internals.KafkaMetricsCollector -- initializing Kafka metrics collector
01:22:57.276 [main] INFO org.apache.kafka.clients.producer.KafkaProducer -- [Producer clientId=producer-1] Instantiated an idempotent producer.
01:22:57.294 [main] INFO org.apache.kafka.common.utils.AppInfoParser -- Kafka version: 4.1.2
01:22:57.294 [main] INFO org.apache.kafka.common.utils.AppInfoParser -- Kafka commitId: c82fd9b934b4c1e6
01:22:57.294 [main] INFO org.apache.kafka.common.utils.AppInfoParser -- Kafka startTimeMs: 1788983577293
01:22:57.423 [kafka-producer-network-thread | producer-1] INFO org.apache.kafka.clients.Metadata -- [Producer clientId=producer-1] Cluster ID: 4L6g3nShT-eMCtK--X86sw
01:22:57.423 [kafka-producer-network-thread | producer-1] INFO org.apache.kafka.clients.producer.internals.TransactionManager -- [Producer clientId=producer-1] ProducerId set to 4 with epoch 0
01:24:36.885 [kafka-producer-network-thread | producer-1] INFO org.apache.kafka.clients.NetworkClient -- [Producer clientId=producer-1] Node 1 disconnected.
01:24:36.893 [kafka-producer-network-thread | producer-1] INFO org.apache.kafka.clients.NetworkClient -- [Producer clientId=producer-1] Node -1 disconnected.
01:24:36.986 [kafka-producer-network-thread | producer-1] INFO org.apache.kafka.clients.NetworkClient -- [Producer clientId=producer-1] Node 1 disconnected.
01:24:36.986 [kafka-producer-network-thread | producer-1] WARN org.apache.kafka.clients.NetworkClient -- [Producer clientId=producer-1] Connection to node 1 (localhost/127.0.0.1:32782) could not be established. Node may not be available.
01:24:36.986 [kafka-producer-network-thread | producer-1] INFO org.apache.kafka.clients.Metadata -- [Producer clientId=producer-1] Rebootstrapping with [localhost/127.0.0.1:32782]
01:24:36.987 [kafka-producer-network-thread | producer-1] INFO org.apache.kafka.clients.NetworkClient -- [Producer clientId=producer-1] Node -1 disconnected.
01:24:36.987 [kafka-producer-network-thread | producer-1] WARN org.apache.kafka.clients.NetworkClient -- [Producer clientId=producer-1] Connection to node -1 (localhost/127.0.0.1:32782) could not be established. Node may not be available.
01:24:36.992 [kafka-producer-network-thread | producer-1] WARN org.apache.kafka.clients.NetworkClient -- [Producer clientId=producer-1] Bootstrap broker localhost:32782 (id: -1 rack: null isFenced: false) disconnected
01:24:37.215 [kafka-producer-network-thread | producer-1] INFO org.apache.kafka.clients.NetworkClient -- [Producer clientId=producer-1] Node -1 disconnected.
01:24:37.215 [kafka-producer-network-thread | producer-1] WARN org.apache.kafka.clients.NetworkClient -- [Producer clientId=producer-1] Connection to node -1 (localhost/127.0.0.1:32782) could not be established. Node may not be available.
01:24:37.215 [kafka-producer-network-thread | producer-1] WARN org.apache.kafka.clients.NetworkClient -- [Producer clientId=producer-1] Bootstrap broker localhost:32782 (id: -1 rack: null isFenced: false) disconnected
[INFO] Tests run: 23, Failures: 0, Errors: 0, Skipped: 0, Time elapsed: 133.8 s -- in com.synechis.fulfillment.PlatformIT
[INFO] 
[INFO] Results:
[INFO] 
[INFO] Tests run: 23, Failures: 0, Errors: 0, Skipped: 0
[INFO] 
[INFO] 
[INFO] --- failsafe:3.5.6:verify (default) @ integration-tests ---
[INFO] ------------------------------------------------------------------------
[INFO] Reactor Summary for microservices-design-pattern 1.0.0-SNAPSHOT:
[INFO] 
[INFO] microservices-design-pattern ....................... SUCCESS [  0.175 s]
[INFO] contracts .......................................... SUCCESS [  0.687 s]
[INFO] service-runtime .................................... SUCCESS [  0.534 s]
[INFO] order-service ...................................... SUCCESS [  1.128 s]
[INFO] inventory-service .................................. SUCCESS [  0.276 s]
[INFO] payment-service .................................... SUCCESS [  0.368 s]
[INFO] shipping-service ................................... SUCCESS [  0.261 s]
[INFO] order-query-service ................................ SUCCESS [  0.275 s]
[INFO] provider-simulator ................................. SUCCESS [  0.262 s]
[INFO] customer-bff ....................................... SUCCESS [  0.343 s]
[INFO] api-gateway ........................................ SUCCESS [  0.262 s]
[INFO] integration-tests .................................. SUCCESS [02:14 min]
[INFO] ------------------------------------------------------------------------
[INFO] BUILD SUCCESS
[INFO] ------------------------------------------------------------------------
[INFO] Total time:  02:19 min
[INFO] Finished at: 2026-09-10T01:24:37+05:30
[INFO] ------------------------------------------------------------------------
