[INFO] Scanning for projects...
[INFO] ------------------------------------------------------------------------
[INFO] Reactor Build Order:
[INFO] 
[INFO] microservices-design-pattern                                       [pom]
[INFO] contracts                                                          [jar]
[INFO] service-runtime                                                    [jar]
[INFO] order-service                                                      [jar]
[INFO] inventory-service                                                  [jar]
[INFO] payment-service                                                    [jar]
[INFO] shipping-service                                                   [jar]
[INFO] order-query-service                                                [jar]
[INFO] provider-simulator                                                 [jar]
[INFO] customer-bff                                                       [jar]
[INFO] api-gateway                                                        [jar]
[INFO] integration-tests                                                  [jar]
[INFO] 
[INFO] ---------< com.synechisveltiosi:microservices-design-pattern >----------
[INFO] Building microservices-design-pattern 1.0.0-SNAPSHOT              [1/12]
[INFO]   from pom.xml
[INFO] --------------------------------[ pom ]---------------------------------
[INFO] 
[INFO] -------------------< com.synechisveltiosi:contracts >-------------------
[INFO] Building contracts 1.0.0-SNAPSHOT                                 [2/12]
[INFO]   from contracts/pom.xml
[INFO] --------------------------------[ jar ]---------------------------------
[INFO] 
[INFO] --- resources:3.3.1:resources (default-resources) @ contracts ---
[INFO] skip non existing resourceDirectory /Volumes/Workspace/03-Development/AI-POC/microservices-design-pattern/contracts/src/main/resources
[INFO] skip non existing resourceDirectory /Volumes/Workspace/03-Development/AI-POC/microservices-design-pattern/contracts/src/main/resources
[INFO] 
[INFO] --- compiler:3.14.1:compile (default-compile) @ contracts ---
[INFO] Nothing to compile - all classes are up to date.
[INFO] 
[INFO] --- resources:3.3.1:testResources (default-testResources) @ contracts ---
[INFO] skip non existing resourceDirectory /Volumes/Workspace/03-Development/AI-POC/microservices-design-pattern/contracts/src/test/resources
[INFO] 
[INFO] --- compiler:3.14.1:testCompile (default-testCompile) @ contracts ---
[INFO] No sources to compile
[INFO] 
[INFO] --- surefire:3.5.6:test (default-test) @ contracts ---
[INFO] Tests are skipped.
[INFO] 
[INFO] --- jar:3.4.2:jar (default-jar) @ contracts ---
[INFO] 
[INFO] ----------------< com.synechisveltiosi:service-runtime >----------------
[INFO] Building service-runtime 1.0.0-SNAPSHOT                           [3/12]
[INFO]   from service-runtime/pom.xml
[INFO] --------------------------------[ jar ]---------------------------------
[INFO] 
[INFO] --- resources:3.3.1:resources (default-resources) @ service-runtime ---
[INFO] Copying 0 resource from src/main/resources to target/classes
[INFO] Copying 2 resources from src/main/resources to target/classes
[INFO] 
[INFO] --- compiler:3.14.1:compile (default-compile) @ service-runtime ---
[INFO] Nothing to compile - all classes are up to date.
[INFO] 
[INFO] --- resources:3.3.1:testResources (default-testResources) @ service-runtime ---
[INFO] skip non existing resourceDirectory /Volumes/Workspace/03-Development/AI-POC/microservices-design-pattern/service-runtime/src/test/resources
[INFO] 
[INFO] --- compiler:3.14.1:testCompile (default-testCompile) @ service-runtime ---
[INFO] No sources to compile
[INFO] 
[INFO] --- surefire:3.5.6:test (default-test) @ service-runtime ---
[INFO] Tests are skipped.
[INFO] 
[INFO] --- jar:3.4.2:jar (default-jar) @ service-runtime ---
[INFO] Building jar: /Volumes/Workspace/03-Development/AI-POC/microservices-design-pattern/service-runtime/target/service-runtime-1.0.0-SNAPSHOT.jar
[INFO] 
[INFO] -----------------< com.synechisveltiosi:order-service >-----------------
[INFO] Building order-service 1.0.0-SNAPSHOT                             [4/12]
[INFO]   from order-service/pom.xml
[INFO] --------------------------------[ jar ]---------------------------------
[INFO] 
[INFO] --- resources:3.3.1:resources (default-resources) @ order-service ---
[INFO] Copying 1 resource from src/main/resources to target/classes
[INFO] Copying 2 resources from src/main/resources to target/classes
[INFO] 
[INFO] --- compiler:3.14.1:compile (default-compile) @ order-service ---
[INFO] Recompiling the module because of changed dependency.
[INFO] Compiling 5 source files with javac [debug parameters release 21] to target/classes
[INFO] 
[INFO] --- resources:3.3.1:testResources (default-testResources) @ order-service ---
[INFO] skip non existing resourceDirectory /Volumes/Workspace/03-Development/AI-POC/microservices-design-pattern/order-service/src/test/resources
[INFO] 
[INFO] --- compiler:3.14.1:testCompile (default-testCompile) @ order-service ---
[INFO] Recompiling the module because of changed dependency.
[INFO] Compiling 1 source file with javac [debug parameters release 21] to target/test-classes
[INFO] 
[INFO] --- surefire:3.5.6:test (default-test) @ order-service ---
[INFO] Tests are skipped.
[INFO] 
[INFO] --- jar:3.4.2:jar (default-jar) @ order-service ---
[INFO] Building jar: /Volumes/Workspace/03-Development/AI-POC/microservices-design-pattern/order-service/target/order-service-1.0.0-SNAPSHOT.jar
[INFO] 
[INFO] --- spring-boot:4.0.8:repackage (repackage) @ order-service ---
[INFO] Replacing main artifact /Volumes/Workspace/03-Development/AI-POC/microservices-design-pattern/order-service/target/order-service-1.0.0-SNAPSHOT.jar with repackaged archive, adding nested dependencies in BOOT-INF/.
[INFO] The original artifact has been renamed to /Volumes/Workspace/03-Development/AI-POC/microservices-design-pattern/order-service/target/order-service-1.0.0-SNAPSHOT.jar.original
[INFO] 
[INFO] ---------------< com.synechisveltiosi:inventory-service >---------------
[INFO] Building inventory-service 1.0.0-SNAPSHOT                         [5/12]
[INFO]   from inventory-service/pom.xml
[INFO] --------------------------------[ jar ]---------------------------------
[INFO] 
[INFO] --- resources:3.3.1:resources (default-resources) @ inventory-service ---
[INFO] Copying 1 resource from src/main/resources to target/classes
[INFO] Copying 1 resource from src/main/resources to target/classes
[INFO] 
[INFO] --- compiler:3.14.1:compile (default-compile) @ inventory-service ---
[INFO] Recompiling the module because of changed dependency.
[INFO] Compiling 4 source files with javac [debug parameters release 21] to target/classes
[INFO] 
[INFO] --- resources:3.3.1:testResources (default-testResources) @ inventory-service ---
[INFO] skip non existing resourceDirectory /Volumes/Workspace/03-Development/AI-POC/microservices-design-pattern/inventory-service/src/test/resources
[INFO] 
[INFO] --- compiler:3.14.1:testCompile (default-testCompile) @ inventory-service ---
[INFO] No sources to compile
[INFO] 
[INFO] --- surefire:3.5.6:test (default-test) @ inventory-service ---
[INFO] Tests are skipped.
[INFO] 
[INFO] --- jar:3.4.2:jar (default-jar) @ inventory-service ---
[INFO] Building jar: /Volumes/Workspace/03-Development/AI-POC/microservices-design-pattern/inventory-service/target/inventory-service-1.0.0-SNAPSHOT.jar
[INFO] 
[INFO] --- spring-boot:4.0.8:repackage (repackage) @ inventory-service ---
[INFO] Replacing main artifact /Volumes/Workspace/03-Development/AI-POC/microservices-design-pattern/inventory-service/target/inventory-service-1.0.0-SNAPSHOT.jar with repackaged archive, adding nested dependencies in BOOT-INF/.
[INFO] The original artifact has been renamed to /Volumes/Workspace/03-Development/AI-POC/microservices-design-pattern/inventory-service/target/inventory-service-1.0.0-SNAPSHOT.jar.original
[INFO] 
[INFO] ----------------< com.synechisveltiosi:payment-service >----------------
[INFO] Building payment-service 1.0.0-SNAPSHOT                           [6/12]
[INFO]   from payment-service/pom.xml
[INFO] --------------------------------[ jar ]---------------------------------
[INFO] 
[INFO] --- resources:3.3.1:resources (default-resources) @ payment-service ---
[INFO] Copying 1 resource from src/main/resources to target/classes
[INFO] Copying 2 resources from src/main/resources to target/classes
[INFO] 
[INFO] --- compiler:3.14.1:compile (default-compile) @ payment-service ---
[INFO] Recompiling the module because of changed dependency.
[INFO] Compiling 3 source files with javac [debug parameters release 21] to target/classes
[INFO] 
[INFO] --- resources:3.3.1:testResources (default-testResources) @ payment-service ---
[INFO] skip non existing resourceDirectory /Volumes/Workspace/03-Development/AI-POC/microservices-design-pattern/payment-service/src/test/resources
[INFO] 
[INFO] --- compiler:3.14.1:testCompile (default-testCompile) @ payment-service ---
[INFO] No sources to compile
[INFO] 
[INFO] --- surefire:3.5.6:test (default-test) @ payment-service ---
[INFO] Tests are skipped.
[INFO] 
[INFO] --- jar:3.4.2:jar (default-jar) @ payment-service ---
[INFO] Building jar: /Volumes/Workspace/03-Development/AI-POC/microservices-design-pattern/payment-service/target/payment-service-1.0.0-SNAPSHOT.jar
[INFO] 
[INFO] --- spring-boot:4.0.8:repackage (repackage) @ payment-service ---
[INFO] Replacing main artifact /Volumes/Workspace/03-Development/AI-POC/microservices-design-pattern/payment-service/target/payment-service-1.0.0-SNAPSHOT.jar with repackaged archive, adding nested dependencies in BOOT-INF/.
[INFO] The original artifact has been renamed to /Volumes/Workspace/03-Development/AI-POC/microservices-design-pattern/payment-service/target/payment-service-1.0.0-SNAPSHOT.jar.original
[INFO] 
[INFO] ---------------< com.synechisveltiosi:shipping-service >----------------
[INFO] Building shipping-service 1.0.0-SNAPSHOT                          [7/12]
[INFO]   from shipping-service/pom.xml
[INFO] --------------------------------[ jar ]---------------------------------
[INFO] 
[INFO] --- resources:3.3.1:resources (default-resources) @ shipping-service ---
[INFO] Copying 1 resource from src/main/resources to target/classes
[INFO] Copying 2 resources from src/main/resources to target/classes
[INFO] 
[INFO] --- compiler:3.14.1:compile (default-compile) @ shipping-service ---
[INFO] Recompiling the module because of changed dependency.
[INFO] Compiling 3 source files with javac [debug parameters release 21] to target/classes
[INFO] 
[INFO] --- resources:3.3.1:testResources (default-testResources) @ shipping-service ---
[INFO] skip non existing resourceDirectory /Volumes/Workspace/03-Development/AI-POC/microservices-design-pattern/shipping-service/src/test/resources
[INFO] 
[INFO] --- compiler:3.14.1:testCompile (default-testCompile) @ shipping-service ---
[INFO] No sources to compile
[INFO] 
[INFO] --- surefire:3.5.6:test (default-test) @ shipping-service ---
[INFO] Tests are skipped.
[INFO] 
[INFO] --- jar:3.4.2:jar (default-jar) @ shipping-service ---
[INFO] Building jar: /Volumes/Workspace/03-Development/AI-POC/microservices-design-pattern/shipping-service/target/shipping-service-1.0.0-SNAPSHOT.jar
[INFO] 
[INFO] --- spring-boot:4.0.8:repackage (repackage) @ shipping-service ---
[INFO] Replacing main artifact /Volumes/Workspace/03-Development/AI-POC/microservices-design-pattern/shipping-service/target/shipping-service-1.0.0-SNAPSHOT.jar with repackaged archive, adding nested dependencies in BOOT-INF/.
[INFO] The original artifact has been renamed to /Volumes/Workspace/03-Development/AI-POC/microservices-design-pattern/shipping-service/target/shipping-service-1.0.0-SNAPSHOT.jar.original
[INFO] 
[INFO] --------------< com.synechisveltiosi:order-query-service >--------------
[INFO] Building order-query-service 1.0.0-SNAPSHOT                       [8/12]
[INFO]   from order-query-service/pom.xml
[INFO] --------------------------------[ jar ]---------------------------------
[INFO] 
[INFO] --- resources:3.3.1:resources (default-resources) @ order-query-service ---
[INFO] Copying 1 resource from src/main/resources to target/classes
[INFO] Copying 1 resource from src/main/resources to target/classes
[INFO] 
[INFO] --- compiler:3.14.1:compile (default-compile) @ order-query-service ---
[INFO] Recompiling the module because of changed dependency.
[INFO] Compiling 3 source files with javac [debug parameters release 21] to target/classes
[INFO] 
[INFO] --- resources:3.3.1:testResources (default-testResources) @ order-query-service ---
[INFO] skip non existing resourceDirectory /Volumes/Workspace/03-Development/AI-POC/microservices-design-pattern/order-query-service/src/test/resources
[INFO] 
[INFO] --- compiler:3.14.1:testCompile (default-testCompile) @ order-query-service ---
[INFO] No sources to compile
[INFO] 
[INFO] --- surefire:3.5.6:test (default-test) @ order-query-service ---
[INFO] Tests are skipped.
[INFO] 
[INFO] --- jar:3.4.2:jar (default-jar) @ order-query-service ---
[INFO] Building jar: /Volumes/Workspace/03-Development/AI-POC/microservices-design-pattern/order-query-service/target/order-query-service-1.0.0-SNAPSHOT.jar
[INFO] 
[INFO] --- spring-boot:4.0.8:repackage (repackage) @ order-query-service ---
[INFO] Replacing main artifact /Volumes/Workspace/03-Development/AI-POC/microservices-design-pattern/order-query-service/target/order-query-service-1.0.0-SNAPSHOT.jar with repackaged archive, adding nested dependencies in BOOT-INF/.
[INFO] The original artifact has been renamed to /Volumes/Workspace/03-Development/AI-POC/microservices-design-pattern/order-query-service/target/order-query-service-1.0.0-SNAPSHOT.jar.original
[INFO] 
[INFO] --------------< com.synechisveltiosi:provider-simulator >---------------
[INFO] Building provider-simulator 1.0.0-SNAPSHOT                        [9/12]
[INFO]   from provider-simulator/pom.xml
[INFO] --------------------------------[ jar ]---------------------------------
[INFO] 
[INFO] --- resources:3.3.1:resources (default-resources) @ provider-simulator ---
[INFO] Copying 1 resource from src/main/resources to target/classes
[INFO] Copying 1 resource from src/main/resources to target/classes
[INFO] 
[INFO] --- compiler:3.14.1:compile (default-compile) @ provider-simulator ---
[INFO] Recompiling the module because of changed dependency.
[INFO] Compiling 3 source files with javac [debug parameters release 21] to target/classes
[INFO] 
[INFO] --- resources:3.3.1:testResources (default-testResources) @ provider-simulator ---
[INFO] skip non existing resourceDirectory /Volumes/Workspace/03-Development/AI-POC/microservices-design-pattern/provider-simulator/src/test/resources
[INFO] 
[INFO] --- compiler:3.14.1:testCompile (default-testCompile) @ provider-simulator ---
[INFO] No sources to compile
[INFO] 
[INFO] --- surefire:3.5.6:test (default-test) @ provider-simulator ---
[INFO] Tests are skipped.
[INFO] 
[INFO] --- jar:3.4.2:jar (default-jar) @ provider-simulator ---
[INFO] Building jar: /Volumes/Workspace/03-Development/AI-POC/microservices-design-pattern/provider-simulator/target/provider-simulator-1.0.0-SNAPSHOT.jar
[INFO] 
[INFO] --- spring-boot:4.0.8:repackage (repackage) @ provider-simulator ---
[INFO] Replacing main artifact /Volumes/Workspace/03-Development/AI-POC/microservices-design-pattern/provider-simulator/target/provider-simulator-1.0.0-SNAPSHOT.jar with repackaged archive, adding nested dependencies in BOOT-INF/.
[INFO] The original artifact has been renamed to /Volumes/Workspace/03-Development/AI-POC/microservices-design-pattern/provider-simulator/target/provider-simulator-1.0.0-SNAPSHOT.jar.original
[INFO] 
[INFO] -----------------< com.synechisveltiosi:customer-bff >------------------
[INFO] Building customer-bff 1.0.0-SNAPSHOT                             [10/12]
[INFO]   from customer-bff/pom.xml
[INFO] --------------------------------[ jar ]---------------------------------
[INFO] 
[INFO] --- resources:3.3.1:resources (default-resources) @ customer-bff ---
[INFO] Copying 1 resource from src/main/resources to target/classes
[INFO] Copying 2 resources from src/main/resources to target/classes
[INFO] 
[INFO] --- compiler:3.14.1:compile (default-compile) @ customer-bff ---
[INFO] Nothing to compile - all classes are up to date.
[INFO] 
[INFO] --- resources:3.3.1:testResources (default-testResources) @ customer-bff ---
[INFO] skip non existing resourceDirectory /Volumes/Workspace/03-Development/AI-POC/microservices-design-pattern/customer-bff/src/test/resources
[INFO] 
[INFO] --- compiler:3.14.1:testCompile (default-testCompile) @ customer-bff ---
[INFO] No sources to compile
[INFO] 
[INFO] --- surefire:3.5.6:test (default-test) @ customer-bff ---
[INFO] Tests are skipped.
[INFO] 
[INFO] --- jar:3.4.2:jar (default-jar) @ customer-bff ---
[INFO] Building jar: /Volumes/Workspace/03-Development/AI-POC/microservices-design-pattern/customer-bff/target/customer-bff-1.0.0-SNAPSHOT.jar
[INFO] 
[INFO] --- spring-boot:4.0.8:repackage (repackage) @ customer-bff ---
[INFO] Replacing main artifact /Volumes/Workspace/03-Development/AI-POC/microservices-design-pattern/customer-bff/target/customer-bff-1.0.0-SNAPSHOT.jar with repackaged archive, adding nested dependencies in BOOT-INF/.
[INFO] The original artifact has been renamed to /Volumes/Workspace/03-Development/AI-POC/microservices-design-pattern/customer-bff/target/customer-bff-1.0.0-SNAPSHOT.jar.original
[INFO] 
[INFO] ------------------< com.synechisveltiosi:api-gateway >------------------
[INFO] Building api-gateway 1.0.0-SNAPSHOT                              [11/12]
[INFO]   from api-gateway/pom.xml
[INFO] --------------------------------[ jar ]---------------------------------
[INFO] 
[INFO] --- resources:3.3.1:resources (default-resources) @ api-gateway ---
[INFO] Copying 1 resource from src/main/resources to target/classes
[INFO] Copying 0 resource from src/main/resources to target/classes
[INFO] 
[INFO] --- compiler:3.14.1:compile (default-compile) @ api-gateway ---
[INFO] Nothing to compile - all classes are up to date.
[INFO] 
[INFO] --- resources:3.3.1:testResources (default-testResources) @ api-gateway ---
[INFO] skip non existing resourceDirectory /Volumes/Workspace/03-Development/AI-POC/microservices-design-pattern/api-gateway/src/test/resources
[INFO] 
[INFO] --- compiler:3.14.1:testCompile (default-testCompile) @ api-gateway ---
[INFO] No sources to compile
[INFO] 
[INFO] --- surefire:3.5.6:test (default-test) @ api-gateway ---
[INFO] Tests are skipped.
[INFO] 
[INFO] --- jar:3.4.2:jar (default-jar) @ api-gateway ---
[INFO] Building jar: /Volumes/Workspace/03-Development/AI-POC/microservices-design-pattern/api-gateway/target/api-gateway-1.0.0-SNAPSHOT.jar
[INFO] 
[INFO] --- spring-boot:4.0.8:repackage (repackage) @ api-gateway ---
[INFO] Replacing main artifact /Volumes/Workspace/03-Development/AI-POC/microservices-design-pattern/api-gateway/target/api-gateway-1.0.0-SNAPSHOT.jar with repackaged archive, adding nested dependencies in BOOT-INF/.
[INFO] The original artifact has been renamed to /Volumes/Workspace/03-Development/AI-POC/microservices-design-pattern/api-gateway/target/api-gateway-1.0.0-SNAPSHOT.jar.original
[INFO] 
[INFO] ---------------< com.synechisveltiosi:integration-tests >---------------
[INFO] Building integration-tests 1.0.0-SNAPSHOT                        [12/12]
[INFO]   from integration-tests/pom.xml
[INFO] --------------------------------[ jar ]---------------------------------
[INFO] 
[INFO] --- resources:3.3.1:resources (default-resources) @ integration-tests ---
[INFO] skip non existing resourceDirectory /Volumes/Workspace/03-Development/AI-POC/microservices-design-pattern/integration-tests/src/main/resources
[INFO] skip non existing resourceDirectory /Volumes/Workspace/03-Development/AI-POC/microservices-design-pattern/integration-tests/src/main/resources
[INFO] 
[INFO] --- compiler:3.14.1:compile (default-compile) @ integration-tests ---
[INFO] No sources to compile
[INFO] 
[INFO] --- resources:3.3.1:testResources (default-testResources) @ integration-tests ---
[INFO] skip non existing resourceDirectory /Volumes/Workspace/03-Development/AI-POC/microservices-design-pattern/integration-tests/src/test/resources
[INFO] 
[INFO] --- compiler:3.14.1:testCompile (default-testCompile) @ integration-tests ---
[INFO] Recompiling the module because of changed dependency.
[INFO] Compiling 1 source file with javac [debug parameters release 21] to target/test-classes
[INFO] /Volumes/Workspace/03-Development/AI-POC/microservices-design-pattern/integration-tests/src/test/java/com/synechis/fulfillment/PlatformIT.java: /Volumes/Workspace/03-Development/AI-POC/microservices-design-pattern/integration-tests/src/test/java/com/synechis/fulfillment/PlatformIT.java uses or overrides a deprecated API.
[INFO] /Volumes/Workspace/03-Development/AI-POC/microservices-design-pattern/integration-tests/src/test/java/com/synechis/fulfillment/PlatformIT.java: Recompile with -Xlint:deprecation for details.
[INFO] 
[INFO] --- surefire:3.5.6:test (default-test) @ integration-tests ---
[INFO] Tests are skipped.
[INFO] 
[INFO] --- jar:3.4.2:jar (default-jar) @ integration-tests ---
[WARNING] JAR will be empty - no content was marked for inclusion!
[INFO] ------------------------------------------------------------------------
[INFO] Reactor Summary for microservices-design-pattern 1.0.0-SNAPSHOT:
[INFO] 
[INFO] microservices-design-pattern ....................... SUCCESS [  0.020 s]
[INFO] contracts .......................................... SUCCESS [  0.461 s]
[INFO] service-runtime .................................... SUCCESS [  0.247 s]
[INFO] order-service ...................................... SUCCESS [  1.240 s]
[INFO] inventory-service .................................. SUCCESS [  0.295 s]
[INFO] payment-service .................................... SUCCESS [  0.295 s]
[INFO] shipping-service ................................... SUCCESS [  0.296 s]
[INFO] order-query-service ................................ SUCCESS [  0.274 s]
[INFO] provider-simulator ................................. SUCCESS [  0.279 s]
[INFO] customer-bff ....................................... SUCCESS [  0.357 s]
[INFO] api-gateway ........................................ SUCCESS [  0.238 s]
[INFO] integration-tests .................................. SUCCESS [  0.712 s]
[INFO] ------------------------------------------------------------------------
[INFO] BUILD SUCCESS
[INFO] ------------------------------------------------------------------------
[INFO] Total time:  4.893 s
[INFO] Finished at: 2026-09-10T01:12:04+05:30
[INFO] ------------------------------------------------------------------------
